

================================================================
== Vitis HLS Report for 'alv_MIMD_Pipeline_output'
================================================================
* Date:           Sun May 12 19:57:49 2024

* Version:        2023.2 (Build 4023990 on Oct 11 2023)
* Project:        HLS
* Solution:       solution1 (Vivado IP Flow Target)
* Product family: zynq
* Target device:  xc7z020-clg400-1


================================================================
== Performance Estimates
================================================================
+ Timing: 
    * Summary: 
    +--------+----------+----------+------------+
    |  Clock |  Target  | Estimated| Uncertainty|
    +--------+----------+----------+------------+
    |ap_clk  |  10.00 ns|  7.300 ns|     2.70 ns|
    +--------+----------+----------+------------+

+ Latency: 
    * Summary: 
    +---------+---------+----------+----------+-----+-----+---------+
    |  Latency (cycles) |  Latency (absolute) |  Interval | Pipeline|
    |   min   |   max   |    min   |    max   | min | max |   Type  |
    +---------+---------+----------+----------+-----+-----+---------+
    |       58|       58|  0.580 us|  0.580 us|   58|   58|       no|
    +---------+---------+----------+----------+-----+-----+---------+

    + Detail: 
        * Instance: 
        N/A

        * Loop: 
        +----------+---------+---------+----------+-----------+-----------+------+----------+
        |          |  Latency (cycles) | Iteration|  Initiation Interval  | Trip |          |
        | Loop Name|   min   |   max   |  Latency |  achieved |   target  | Count| Pipelined|
        +----------+---------+---------+----------+-----------+-----------+------+----------+
        |- output  |       56|       56|         8|          1|          1|    50|       yes|
        +----------+---------+---------+----------+-----------+-----------+------+----------+

============================================================
+ Verbose Summary: Synthesis Manager
============================================================
InlineROM: 1
ExposeGlobal: 0
============================================================
+ Verbose Summary: CDFG Model
============================================================
IsTopModel: 0
ResetActiveHigh: 1
IsCombinational: 0
IsDatapathOnly: 0
HasWiredReturn: 1
HasMFsm: 2
HasVarLatency: 1
IsPipeline: 0
IsRtlPipelined: 0
IsInstanceOverlapped: 0
IsDontTouch: 0
HasImplIP: 0
IsGatedGlobalClock: 0

+ Individual pipeline summary: 
  * Pipeline-0: initiation interval (II) = 1, depth = 8


============================================================
+ Verbose Summary: Schedule
============================================================
* Number of FSM states : 8
* Pipeline : 1
  Pipeline-0 : II = 1, D = 8, States = { 1 2 3 4 5 6 7 8 }
* Dataflow Pipeline: 0

* FSM state transitions: 
1 --> 2 
2 --> 3 
3 --> 4 
4 --> 5 
5 --> 6 
6 --> 7 
7 --> 8 
8 --> 

* FSM state operations: 

State 1 <SV = 0> <Delay = 5.10>
ST_1 : Operation 11 [1/1] (0.00ns)   --->   "%i = alloca i32 1" [HLS/core.cpp:138->HLS/core.cpp:185]   --->   Operation 11 'alloca' 'i' <Predicate = true> <Delay = 0.00>
ST_1 : Operation 12 [1/1] (0.00ns)   --->   "%specinterface_ln0 = specinterface void @_ssdm_op_SpecInterface, i32 %data_result, void @empty_15, i32 0, i32 0, void @empty_0, i32 0, i32 0, void @empty_0, void @empty_0, void @empty_0, i32 0, i32 0, i32 0, i32 0, void @empty_0, void @empty_0, i32 4294967295, i32 0"   --->   Operation 12 'specinterface' 'specinterface_ln0' <Predicate = true> <Delay = 0.00>
ST_1 : Operation 13 [1/1] (0.00ns)   --->   "%specinterface_ln0 = specinterface void @_ssdm_op_SpecInterface, i32 %gmem2, void @empty, i32 0, i32 0, void @empty_0, i32 0, i32 50, void @empty_4, void @empty_2, void @empty_0, i32 16, i32 16, i32 16, i32 16, void @empty_0, void @empty_0, i32 4294967295, i32 0"   --->   Operation 13 'specinterface' 'specinterface_ln0' <Predicate = true> <Delay = 0.00>
ST_1 : Operation 14 [1/1] (0.00ns)   --->   "%c_read = read i64 @_ssdm_op_Read.ap_auto.i64, i64 %c"   --->   Operation 14 'read' 'c_read' <Predicate = true> <Delay = 0.00>
ST_1 : Operation 15 [1/1] (1.58ns)   --->   "%store_ln138 = store i6 0, i6 %i" [HLS/core.cpp:138->HLS/core.cpp:185]   --->   Operation 15 'store' 'store_ln138' <Predicate = true> <Delay = 1.58>
ST_1 : Operation 16 [1/1] (0.00ns)   --->   "%br_ln0 = br void %for.inc.i14"   --->   Operation 16 'br' 'br_ln0' <Predicate = true> <Delay = 0.00>
ST_1 : Operation 17 [1/1] (0.00ns)   --->   "%i_5 = load i6 %i" [HLS/core.cpp:138->HLS/core.cpp:185]   --->   Operation 17 'load' 'i_5' <Predicate = true> <Delay = 0.00>
ST_1 : Operation 18 [1/1] (0.00ns)   --->   "%specbitsmap_ln0 = specbitsmap void @_ssdm_op_SpecBitsMap, i32 %gmem2"   --->   Operation 18 'specbitsmap' 'specbitsmap_ln0' <Predicate = true> <Delay = 0.00>
ST_1 : Operation 19 [1/1] (1.82ns)   --->   "%icmp_ln138 = icmp_eq  i6 %i_5, i6 50" [HLS/core.cpp:138->HLS/core.cpp:185]   --->   Operation 19 'icmp' 'icmp_ln138' <Predicate = true> <Delay = 1.82> <CoreInst = "Cmp">   --->   Core 9 'Cmp' <Latency = 0> <II = 1> <Delay = 1.82> <FuncUnit> <Opcode : 'icmp'> <InPorts = 2> <OutPorts = 1>
ST_1 : Operation 20 [1/1] (1.82ns)   --->   "%add_ln138 = add i6 %i_5, i6 1" [HLS/core.cpp:138->HLS/core.cpp:185]   --->   Operation 20 'add' 'add_ln138' <Predicate = true> <Delay = 1.82> <CoreInst = "Adder">   --->   Core 1 'Adder' <Latency = 0> <II = 1> <Delay = 1.82> <FuncUnit> <Opcode : 'add' 'sub'> <InPorts = 2> <OutPorts = 1>
ST_1 : Operation 21 [1/1] (0.00ns)   --->   "%br_ln138 = br i1 %icmp_ln138, void %for.inc.i14.split, void %sw.epilog.loopexit8.exitStub" [HLS/core.cpp:138->HLS/core.cpp:185]   --->   Operation 21 'br' 'br_ln138' <Predicate = true> <Delay = 0.00>
ST_1 : Operation 22 [1/1] (0.00ns)   --->   "%shl_ln5 = bitconcatenate i8 @_ssdm_op_BitConcatenate.i8.i6.i2, i6 %i_5, i2 0" [HLS/core.cpp:141->HLS/core.cpp:185]   --->   Operation 22 'bitconcatenate' 'shl_ln5' <Predicate = (!icmp_ln138)> <Delay = 0.00>
ST_1 : Operation 23 [1/1] (0.00ns)   --->   "%zext_ln141 = zext i8 %shl_ln5" [HLS/core.cpp:141->HLS/core.cpp:185]   --->   Operation 23 'zext' 'zext_ln141' <Predicate = (!icmp_ln138)> <Delay = 0.00>
ST_1 : Operation 24 [1/1] (3.52ns)   --->   "%add_ln141 = add i64 %zext_ln141, i64 %c_read" [HLS/core.cpp:141->HLS/core.cpp:185]   --->   Operation 24 'add' 'add_ln141' <Predicate = (!icmp_ln138)> <Delay = 3.52> <CoreInst = "Adder">   --->   Core 1 'Adder' <Latency = 0> <II = 1> <Delay = 3.52> <FuncUnit> <Opcode : 'add' 'sub'> <InPorts = 2> <OutPorts = 1>
ST_1 : Operation 25 [1/1] (0.00ns)   --->   "%trunc_ln6 = partselect i62 @_ssdm_op_PartSelect.i62.i64.i32.i32, i64 %add_ln141, i32 2, i32 63" [HLS/core.cpp:141->HLS/core.cpp:185]   --->   Operation 25 'partselect' 'trunc_ln6' <Predicate = (!icmp_ln138)> <Delay = 0.00>
ST_1 : Operation 26 [1/1] (0.00ns)   --->   "%sext_ln141 = sext i62 %trunc_ln6" [HLS/core.cpp:141->HLS/core.cpp:185]   --->   Operation 26 'sext' 'sext_ln141' <Predicate = (!icmp_ln138)> <Delay = 0.00>
ST_1 : Operation 27 [1/1] (0.00ns)   --->   "%gmem2_addr = getelementptr i32 %gmem2, i64 %sext_ln141" [HLS/core.cpp:141->HLS/core.cpp:185]   --->   Operation 27 'getelementptr' 'gmem2_addr' <Predicate = (!icmp_ln138)> <Delay = 0.00>
ST_1 : Operation 28 [1/1] (1.58ns)   --->   "%store_ln138 = store i6 %add_ln138, i6 %i" [HLS/core.cpp:138->HLS/core.cpp:185]   --->   Operation 28 'store' 'store_ln138' <Predicate = (!icmp_ln138)> <Delay = 1.58>

State 2 <SV = 1> <Delay = 7.30>
ST_2 : Operation 29 [1/1] (3.63ns)   --->   "%data_result_read = read i32 @_ssdm_op_Read.ap_fifo.volatile.i32P0A, i32 %data_result" [HLS/core.cpp:141->HLS/core.cpp:185]   --->   Operation 29 'read' 'data_result_read' <Predicate = true> <Delay = 3.63> <CoreInst = "FIFO_SRL">   --->   Core 81 'FIFO_SRL' <Latency = 0> <II = 1> <Delay = 3.63> <Storage> <Opcode : 'read' 'write' 'nbread' 'nbwrite'> <Ports = 0> <Width = 32> <Depth = 2> <FIFO>
ST_2 : Operation 30 [1/1] (7.30ns)   --->   "%gmem2_addr_1_req = writereq i1 @_ssdm_op_WriteReq.m_axi.i32P1A, i32 %gmem2_addr, i32 1" [HLS/core.cpp:141->HLS/core.cpp:185]   --->   Operation 30 'writereq' 'gmem2_addr_1_req' <Predicate = true> <Delay = 7.30> <CoreInst = "m_axi">   --->   Core 113 'm_axi' <Latency = 0> <II = 1> <Delay = 1.00> <Adapter> <Opcode : 'read' 'write' 'readreq' 'writereq' 'writeresp'>

State 3 <SV = 2> <Delay = 7.30>
ST_3 : Operation 31 [1/1] (7.30ns)   --->   "%write_ln141 = write void @_ssdm_op_Write.m_axi.volatile.i32P1A, i32 %gmem2_addr, i32 %data_result_read, i4 15" [HLS/core.cpp:141->HLS/core.cpp:185]   --->   Operation 31 'write' 'write_ln141' <Predicate = true> <Delay = 7.30> <CoreInst = "m_axi">   --->   Core 113 'm_axi' <Latency = 0> <II = 1> <Delay = 1.00> <Adapter> <Opcode : 'read' 'write' 'readreq' 'writereq' 'writeresp'>

State 4 <SV = 3> <Delay = 7.30>
ST_4 : Operation 32 [5/5] (7.30ns)   --->   "%gmem2_addr_1_resp = writeresp i1 @_ssdm_op_WriteResp.m_axi.i32P1A, i32 %gmem2_addr" [HLS/core.cpp:141->HLS/core.cpp:185]   --->   Operation 32 'writeresp' 'gmem2_addr_1_resp' <Predicate = true> <Delay = 7.30> <CoreInst = "m_axi">   --->   Core 113 'm_axi' <Latency = 0> <II = 1> <Delay = 1.00> <Adapter> <Opcode : 'read' 'write' 'readreq' 'writereq' 'writeresp'>

State 5 <SV = 4> <Delay = 7.30>
ST_5 : Operation 33 [4/5] (7.30ns)   --->   "%gmem2_addr_1_resp = writeresp i1 @_ssdm_op_WriteResp.m_axi.i32P1A, i32 %gmem2_addr" [HLS/core.cpp:141->HLS/core.cpp:185]   --->   Operation 33 'writeresp' 'gmem2_addr_1_resp' <Predicate = true> <Delay = 7.30> <CoreInst = "m_axi">   --->   Core 113 'm_axi' <Latency = 0> <II = 1> <Delay = 1.00> <Adapter> <Opcode : 'read' 'write' 'readreq' 'writereq' 'writeresp'>

State 6 <SV = 5> <Delay = 7.30>
ST_6 : Operation 34 [3/5] (7.30ns)   --->   "%gmem2_addr_1_resp = writeresp i1 @_ssdm_op_WriteResp.m_axi.i32P1A, i32 %gmem2_addr" [HLS/core.cpp:141->HLS/core.cpp:185]   --->   Operation 34 'writeresp' 'gmem2_addr_1_resp' <Predicate = true> <Delay = 7.30> <CoreInst = "m_axi">   --->   Core 113 'm_axi' <Latency = 0> <II = 1> <Delay = 1.00> <Adapter> <Opcode : 'read' 'write' 'readreq' 'writereq' 'writeresp'>

State 7 <SV = 6> <Delay = 7.30>
ST_7 : Operation 35 [2/5] (7.30ns)   --->   "%gmem2_addr_1_resp = writeresp i1 @_ssdm_op_WriteResp.m_axi.i32P1A, i32 %gmem2_addr" [HLS/core.cpp:141->HLS/core.cpp:185]   --->   Operation 35 'writeresp' 'gmem2_addr_1_resp' <Predicate = true> <Delay = 7.30> <CoreInst = "m_axi">   --->   Core 113 'm_axi' <Latency = 0> <II = 1> <Delay = 1.00> <Adapter> <Opcode : 'read' 'write' 'readreq' 'writereq' 'writeresp'>
ST_7 : Operation 41 [1/1] (0.00ns)   --->   "%ret_ln0 = ret"   --->   Operation 41 'ret' 'ret_ln0' <Predicate = (icmp_ln138)> <Delay = 0.00>

State 8 <SV = 7> <Delay = 7.30>
ST_8 : Operation 36 [1/1] (0.00ns)   --->   "%specpipeline_ln140 = specpipeline void @_ssdm_op_SpecPipeline, i32 1, i32 0, i32 0, i32 0, void @empty_0" [HLS/core.cpp:140->HLS/core.cpp:185]   --->   Operation 36 'specpipeline' 'specpipeline_ln140' <Predicate = true> <Delay = 0.00>
ST_8 : Operation 37 [1/1] (0.00ns)   --->   "%speclooptripcount_ln138 = speclooptripcount void @_ssdm_op_SpecLoopTripCount, i64 50, i64 50, i64 50" [HLS/core.cpp:138->HLS/core.cpp:185]   --->   Operation 37 'speclooptripcount' 'speclooptripcount_ln138' <Predicate = true> <Delay = 0.00>
ST_8 : Operation 38 [1/1] (0.00ns)   --->   "%specloopname_ln138 = specloopname void @_ssdm_op_SpecLoopName, void @empty_20" [HLS/core.cpp:138->HLS/core.cpp:185]   --->   Operation 38 'specloopname' 'specloopname_ln138' <Predicate = true> <Delay = 0.00>
ST_8 : Operation 39 [1/5] (7.30ns)   --->   "%gmem2_addr_1_resp = writeresp i1 @_ssdm_op_WriteResp.m_axi.i32P1A, i32 %gmem2_addr" [HLS/core.cpp:141->HLS/core.cpp:185]   --->   Operation 39 'writeresp' 'gmem2_addr_1_resp' <Predicate = true> <Delay = 7.30> <CoreInst = "m_axi">   --->   Core 113 'm_axi' <Latency = 0> <II = 1> <Delay = 1.00> <Adapter> <Opcode : 'read' 'write' 'readreq' 'writereq' 'writeresp'>
ST_8 : Operation 40 [1/1] (0.00ns)   --->   "%br_ln138 = br void %for.inc.i14" [HLS/core.cpp:138->HLS/core.cpp:185]   --->   Operation 40 'br' 'br_ln138' <Predicate = true> <Delay = 0.00>


============================================================
+ Verbose Summary: Timing violations
============================================================
Target clock period: 10.000ns, clock uncertainty: 2.700ns.

 <State 1>: 5.108ns
The critical path consists of the following:
	'store' operation 0 bit ('store_ln138', HLS/core.cpp:138->HLS/core.cpp:185) of constant 0 on local variable 'i', HLS/core.cpp:138->HLS/core.cpp:185 [8]  (1.588 ns)
	'load' operation 6 bit ('i', HLS/core.cpp:138->HLS/core.cpp:185) on local variable 'i', HLS/core.cpp:138->HLS/core.cpp:185 [11]  (0.000 ns)
	'add' operation 64 bit ('add_ln141', HLS/core.cpp:141->HLS/core.cpp:185) [23]  (3.520 ns)

 <State 2>: 7.300ns
The critical path consists of the following:
	bus request operation ('gmem2_addr_1_req', HLS/core.cpp:141->HLS/core.cpp:185) on port 'gmem2' (HLS/core.cpp:141->HLS/core.cpp:185) [27]  (7.300 ns)

 <State 3>: 7.300ns
The critical path consists of the following:
	bus write operation ('write_ln141', HLS/core.cpp:141->HLS/core.cpp:185) on port 'gmem2' (HLS/core.cpp:141->HLS/core.cpp:185) [28]  (7.300 ns)

 <State 4>: 7.300ns
The critical path consists of the following:
	bus response operation ('gmem2_addr_1_resp', HLS/core.cpp:141->HLS/core.cpp:185) on port 'gmem2' (HLS/core.cpp:141->HLS/core.cpp:185) [29]  (7.300 ns)

 <State 5>: 7.300ns
The critical path consists of the following:
	bus response operation ('gmem2_addr_1_resp', HLS/core.cpp:141->HLS/core.cpp:185) on port 'gmem2' (HLS/core.cpp:141->HLS/core.cpp:185) [29]  (7.300 ns)

 <State 6>: 7.300ns
The critical path consists of the following:
	bus response operation ('gmem2_addr_1_resp', HLS/core.cpp:141->HLS/core.cpp:185) on port 'gmem2' (HLS/core.cpp:141->HLS/core.cpp:185) [29]  (7.300 ns)

 <State 7>: 7.300ns
The critical path consists of the following:
	bus response operation ('gmem2_addr_1_resp', HLS/core.cpp:141->HLS/core.cpp:185) on port 'gmem2' (HLS/core.cpp:141->HLS/core.cpp:185) [29]  (7.300 ns)

 <State 8>: 7.300ns
The critical path consists of the following:
	bus response operation ('gmem2_addr_1_resp', HLS/core.cpp:141->HLS/core.cpp:185) on port 'gmem2' (HLS/core.cpp:141->HLS/core.cpp:185) [29]  (7.300 ns)


============================================================
+ Verbose Summary: Binding
============================================================
N/A
* FSMD analyzer results:
  - Output states:
 - Input state : 
  - Chain level:
	State 1
	State 2
	State 3
	State 4
	State 5
	State 6
	State 7
	State 8


============================================================
+ Verbose Summary: Datapath Resource usage 
============================================================
N/A
