#-----------------------------------------------------------
# Vivado v2023.2 (64-bit)
# SW Build 4029153 on Fri Oct 13 20:14:34 MDT 2023
# IP Build 4028589 on Sat Oct 14 00:45:43 MDT 2023
# SharedData Build 4025554 on Tue Oct 10 17:18:54 MDT 2023
# Start of session at: Sun Jun 16 14:35:27 2024
# Process ID: 6448
# Current directory: C:/Users/lotto/Desktop/Alveare/Ping pong/ent_alv_MIMD/ent_alv_MIMD
# Command line: vivado.exe -gui_launcher_event rodinguilauncherevent4556 C:\Users\lotto\Desktop\Alveare\Ping pong\ent_alv_MIMD\ent_alv_MIMD\ent_alv_MIMD.xpr
# Log file: C:/Users/lotto/Desktop/Alveare/Ping pong/ent_alv_MIMD/ent_alv_MIMD/vivado.log
# Journal file: C:/Users/lotto/Desktop/Alveare/Ping pong/ent_alv_MIMD/ent_alv_MIMD\vivado.jou
# Running On: MSI, OS: Windows, CPU Frequency: 2918 MHz, CPU Physical cores: 10, Host memory: 16870 MB
#-----------------------------------------------------------
start_gui
open_project {C:/Users/lotto/Desktop/Alveare/Ping pong/ent_alv_MIMD/ent_alv_MIMD/ent_alv_MIMD.xpr}
update_compile_order -fileset sources_1
launch_simulation
open_wave_config {C:/Users/lotto/Desktop/Alveare/Ping pong/ent_alv_MIMD/ent_alv_MIMD/fun_unit_sim_behav.wcfg}
source tb_alv_MIMD_op_data_exe_wb_Pipeline_exe.tcl
close_sim
launch_simulation
open_wave_config {C:/Users/lotto/Desktop/Alveare/Ping pong/ent_alv_MIMD/ent_alv_MIMD/fun_unit_sim_behav.wcfg}
source tb_alv_MIMD_op_data_exe_wb_Pipeline_exe.tcl
run 2 us
