#-----------------------------------------------------------
# Vivado v2023.2 (64-bit)
# SW Build 4029153 on Fri Oct 13 20:14:34 MDT 2023
# IP Build 4028589 on Sat Oct 14 00:45:43 MDT 2023
# SharedData Build 4025554 on Tue Oct 10 17:18:54 MDT 2023
# Start of session at: Sun Jun 23 15:29:35 2024
# Process ID: 9052
# Current directory: C:/Users/lotto/Desktop/Alveare/M_AXI_ALU/100/Vivado
# Command line: vivado.exe -gui_launcher_event rodinguilauncherevent6232 C:\Users\lotto\Desktop\Alveare\M_AXI_ALU\100\Vivado\ALU_sys_HDL.xpr
# Log file: C:/Users/lotto/Desktop/Alveare/M_AXI_ALU/100/Vivado/vivado.log
# Journal file: C:/Users/lotto/Desktop/Alveare/M_AXI_ALU/100/Vivado\vivado.jou
# Running On: MSI, OS: Windows, CPU Frequency: 2918 MHz, CPU Physical cores: 10, Host memory: 16870 MB
#-----------------------------------------------------------
start_gui
open_project C:/Users/lotto/Desktop/Alveare/M_AXI_ALU/100/Vivado/ALU_sys_HDL.xpr
update_compile_order -fileset sources_1
set_property SOURCE_SET sources_1 [get_filesets sim_1]
import_files -fileset sim_1 -norecurse C:/Users/lotto/Desktop/Alveare/M_AXI_ALU/10000/Vivado/ALU_sys_HDL.srcs/sim_1/imports/Desktop/tb.vhd
update_compile_order -fileset sim_1
launch_simulation
source ALU_sys_HDL.tcl
run 10 us
run 10 us
run 10 us
run 10 us
run 10 us
run 10 us
run 10 us
run 10 us
# Disabling source management mode.  This is to allow the top design properties to be set without GUI intervention.
set_property source_mgmt_mode None [current_project]
set_property top tb_alv_MIMD_op_data_exe_wb_Pipeline_exe [get_filesets sim_1]
set_property top_lib xil_defaultlib [get_filesets sim_1]
# Re-enabling previously disabled source management mode.
set_property source_mgmt_mode All [current_project]
update_compile_order -fileset sim_1
launch_simulation
launch_simulation
launch_simulation
close_sim
