#-----------------------------------------------------------
# Vivado v2023.2 (64-bit)
# SW Build 4029153 on Fri Oct 13 20:14:34 MDT 2023
# IP Build 4028589 on Sat Oct 14 00:45:43 MDT 2023
# SharedData Build 4025554 on Tue Oct 10 17:18:54 MDT 2023
# Start of session at: Sun Jun 23 17:22:51 2024
# Process ID: 19556
# Current directory: C:/Users/lotto/Desktop/Alveare/M_AXI_ALU/100/Vivado/ALU_sys_HDL.runs/ALU_sys_HDL_design_auto_pc_3_synth_1
# Command line: vivado.exe -log ALU_sys_HDL_design_auto_pc_3.vds -product Vivado -mode batch -messageDb vivado.pb -notrace -source ALU_sys_HDL_design_auto_pc_3.tcl
# Log file: C:/Users/lotto/Desktop/Alveare/M_AXI_ALU/100/Vivado/ALU_sys_HDL.runs/ALU_sys_HDL_design_auto_pc_3_synth_1/ALU_sys_HDL_design_auto_pc_3.vds
# Journal file: C:/Users/lotto/Desktop/Alveare/M_AXI_ALU/100/Vivado/ALU_sys_HDL.runs/ALU_sys_HDL_design_auto_pc_3_synth_1\vivado.jou
# Running On: MSI, OS: Windows, CPU Frequency: 2918 MHz, CPU Physical cores: 10, Host memory: 16870 MB
#-----------------------------------------------------------
source ALU_sys_HDL_design_auto_pc_3.tcl -notrace
