

================================================================
== Vitis HLS Report for 'data_exe_wb'
================================================================
* Date:           Tue May 21 09:39:01 2024

* Version:        2023.2 (Build 4023990 on Oct 11 2023)
* Project:        HLS
* Solution:       solution1 (Vivado IP Flow Target)
* Product family: zynq
* Target device:  xc7z020-clg400-1


================================================================
== Performance Estimates
================================================================
+ Timing: 
    * Summary: 
    +--------+----------+----------+------------+
    |  Clock |  Target  | Estimated| Uncertainty|
    +--------+----------+----------+------------+
    |ap_clk  |  10.00 ns|  7.300 ns|     2.70 ns|
    +--------+----------+----------+------------+

+ Latency: 
    * Summary: 
    +---------+---------+----------+----------+-----+-----+---------+
    |  Latency (cycles) |  Latency (absolute) |  Interval | Pipeline|
    |   min   |   max   |    min   |    max   | min | max |   Type  |
    +---------+---------+----------+----------+-----+-----+---------+
    |      280|      280|  2.800 us|  2.800 us|  280|  280|       no|
    +---------+---------+----------+----------+-----+-----+---------+

    + Detail: 
        * Instance: 
        +--------------------------------------------+---------------------------------+---------+---------+----------+----------+-----+-----+---------+
        |                                            |                                 |  Latency (cycles) |  Latency (absolute) |  Interval | Pipeline|
        |                  Instance                  |              Module             |   min   |   max   |    min   |    max   | min | max |   Type  |
        +--------------------------------------------+---------------------------------+---------+---------+----------+----------+-----+-----+---------+
        |grp_data_exe_wb_Pipeline_l_data_a_fu_74     |data_exe_wb_Pipeline_l_data_a    |       61|       61|  0.610 us|  0.610 us|   61|   61|       no|
        |grp_data_exe_wb_Pipeline_l_data_b_fu_83     |data_exe_wb_Pipeline_l_data_b    |       61|       61|  0.610 us|  0.610 us|   61|   61|       no|
        |grp_data_exe_wb_Pipeline_exe_fu_92          |data_exe_wb_Pipeline_exe         |       89|       89|  0.890 us|  0.890 us|   89|   89|       no|
        |grp_data_exe_wb_Pipeline_write_back_fu_104  |data_exe_wb_Pipeline_write_back  |       58|       58|  0.580 us|  0.580 us|   58|   58|       no|
        +--------------------------------------------+---------------------------------+---------+---------+----------+----------+-----+-----+---------+

        * Loop: 
        N/A



================================================================
== Utilization Estimates
================================================================
* Summary: 
+-----------------+---------+-----+--------+-------+-----+
|       Name      | BRAM_18K| DSP |   FF   |  LUT  | URAM|
+-----------------+---------+-----+--------+-------+-----+
|DSP              |        -|    -|       -|      -|    -|
|Expression       |        -|    -|       -|      -|    -|
|FIFO             |        -|    -|       -|      -|    -|
|Instance         |        -|    3|    3324|   2939|    -|
|Memory           |        -|    -|       -|      -|    -|
|Multiplexer      |        -|    -|       -|    182|    -|
|Register         |        -|    -|      16|      -|    -|
+-----------------+---------+-----+--------+-------+-----+
|Total            |        0|    3|    3340|   3121|    0|
+-----------------+---------+-----+--------+-------+-----+
|Available        |      280|  220|  106400|  53200|    0|
+-----------------+---------+-----+--------+-------+-----+
|Utilization (%)  |        0|    1|       3|      5|    0|
+-----------------+---------+-----+--------+-------+-----+

+ Detail: 
    * Instance: 
    +--------------------------------------------+---------------------------------+---------+----+------+------+-----+
    |                  Instance                  |              Module             | BRAM_18K| DSP|  FF  |  LUT | URAM|
    +--------------------------------------------+---------------------------------+---------+----+------+------+-----+
    |grp_data_exe_wb_Pipeline_exe_fu_92          |data_exe_wb_Pipeline_exe         |        0|   3|  2961|  2426|    0|
    |grp_data_exe_wb_Pipeline_l_data_a_fu_74     |data_exe_wb_Pipeline_l_data_a    |        0|   0|   123|   168|    0|
    |grp_data_exe_wb_Pipeline_l_data_b_fu_83     |data_exe_wb_Pipeline_l_data_b    |        0|   0|   123|   168|    0|
    |grp_data_exe_wb_Pipeline_write_back_fu_104  |data_exe_wb_Pipeline_write_back  |        0|   0|   117|   177|    0|
    +--------------------------------------------+---------------------------------+---------+----+------+------+-----+
    |Total                                       |                                 |        0|   3|  3324|  2939|    0|
    +--------------------------------------------+---------------------------------+---------+----+------+------+-----+

    * DSP: 
    N/A

    * Memory: 
    N/A

    * FIFO: 
    N/A

    * Expression: 
    N/A

    * Multiplexer: 
    +---------------------+----+-----------+-----+-----------+
    |         Name        | LUT| Input Size| Bits| Total Bits|
    +---------------------+----+-----------+-----+-----------+
    |ap_NS_fsm            |  65|         13|    1|         13|
    |data_a_read          |   9|          2|    1|          2|
    |data_a_write         |   9|          2|    1|          2|
    |data_b_read          |   9|          2|    1|          2|
    |data_b_write         |   9|          2|    1|          2|
    |data_result_read     |   9|          2|    1|          2|
    |data_result_write    |   9|          2|    1|          2|
    |m_axi_gmem0_ARVALID  |   9|          2|    1|          2|
    |m_axi_gmem0_RREADY   |   9|          2|    1|          2|
    |m_axi_gmem1_ARVALID  |   9|          2|    1|          2|
    |m_axi_gmem1_RREADY   |   9|          2|    1|          2|
    |m_axi_gmem2_AWVALID  |   9|          2|    1|          2|
    |m_axi_gmem2_BREADY   |   9|          2|    1|          2|
    |m_axi_gmem2_WVALID   |   9|          2|    1|          2|
    +---------------------+----+-----------+-----+-----------+
    |Total                | 182|         39|   14|         39|
    +---------------------+----+-----------+-----+-----------+

    * Register: 
    +---------------------------------------------------------+----+----+-----+-----------+
    |                           Name                          | FF | LUT| Bits| Const Bits|
    +---------------------------------------------------------+----+----+-----+-----------+
    |ap_CS_fsm                                                |  12|   0|   12|          0|
    |grp_data_exe_wb_Pipeline_exe_fu_92_ap_start_reg          |   1|   0|    1|          0|
    |grp_data_exe_wb_Pipeline_l_data_a_fu_74_ap_start_reg     |   1|   0|    1|          0|
    |grp_data_exe_wb_Pipeline_l_data_b_fu_83_ap_start_reg     |   1|   0|    1|          0|
    |grp_data_exe_wb_Pipeline_write_back_fu_104_ap_start_reg  |   1|   0|    1|          0|
    +---------------------------------------------------------+----+----+-----+-----------+
    |Total                                                    |  16|   0|   16|          0|
    +---------------------------------------------------------+----+----+-----+-----------+



================================================================
== Interface
================================================================
* Summary: 
+----------------------------+-----+-----+------------+-------------------+--------------+
|          RTL Ports         | Dir | Bits|  Protocol  |   Source Object   |    C Type    |
+----------------------------+-----+-----+------------+-------------------+--------------+
|ap_clk                      |   in|    1|  ap_ctrl_hs|        data_exe_wb|  return value|
|ap_rst                      |   in|    1|  ap_ctrl_hs|        data_exe_wb|  return value|
|ap_start                    |   in|    1|  ap_ctrl_hs|        data_exe_wb|  return value|
|ap_done                     |  out|    1|  ap_ctrl_hs|        data_exe_wb|  return value|
|ap_idle                     |  out|    1|  ap_ctrl_hs|        data_exe_wb|  return value|
|ap_ready                    |  out|    1|  ap_ctrl_hs|        data_exe_wb|  return value|
|m_axi_gmem0_AWVALID         |  out|    1|       m_axi|              gmem0|       pointer|
|m_axi_gmem0_AWREADY         |   in|    1|       m_axi|              gmem0|       pointer|
|m_axi_gmem0_AWADDR          |  out|   64|       m_axi|              gmem0|       pointer|
|m_axi_gmem0_AWID            |  out|    1|       m_axi|              gmem0|       pointer|
|m_axi_gmem0_AWLEN           |  out|   32|       m_axi|              gmem0|       pointer|
|m_axi_gmem0_AWSIZE          |  out|    3|       m_axi|              gmem0|       pointer|
|m_axi_gmem0_AWBURST         |  out|    2|       m_axi|              gmem0|       pointer|
|m_axi_gmem0_AWLOCK          |  out|    2|       m_axi|              gmem0|       pointer|
|m_axi_gmem0_AWCACHE         |  out|    4|       m_axi|              gmem0|       pointer|
|m_axi_gmem0_AWPROT          |  out|    3|       m_axi|              gmem0|       pointer|
|m_axi_gmem0_AWQOS           |  out|    4|       m_axi|              gmem0|       pointer|
|m_axi_gmem0_AWREGION        |  out|    4|       m_axi|              gmem0|       pointer|
|m_axi_gmem0_AWUSER          |  out|    1|       m_axi|              gmem0|       pointer|
|m_axi_gmem0_WVALID          |  out|    1|       m_axi|              gmem0|       pointer|
|m_axi_gmem0_WREADY          |   in|    1|       m_axi|              gmem0|       pointer|
|m_axi_gmem0_WDATA           |  out|   32|       m_axi|              gmem0|       pointer|
|m_axi_gmem0_WSTRB           |  out|    4|       m_axi|              gmem0|       pointer|
|m_axi_gmem0_WLAST           |  out|    1|       m_axi|              gmem0|       pointer|
|m_axi_gmem0_WID             |  out|    1|       m_axi|              gmem0|       pointer|
|m_axi_gmem0_WUSER           |  out|    1|       m_axi|              gmem0|       pointer|
|m_axi_gmem0_ARVALID         |  out|    1|       m_axi|              gmem0|       pointer|
|m_axi_gmem0_ARREADY         |   in|    1|       m_axi|              gmem0|       pointer|
|m_axi_gmem0_ARADDR          |  out|   64|       m_axi|              gmem0|       pointer|
|m_axi_gmem0_ARID            |  out|    1|       m_axi|              gmem0|       pointer|
|m_axi_gmem0_ARLEN           |  out|   32|       m_axi|              gmem0|       pointer|
|m_axi_gmem0_ARSIZE          |  out|    3|       m_axi|              gmem0|       pointer|
|m_axi_gmem0_ARBURST         |  out|    2|       m_axi|              gmem0|       pointer|
|m_axi_gmem0_ARLOCK          |  out|    2|       m_axi|              gmem0|       pointer|
|m_axi_gmem0_ARCACHE         |  out|    4|       m_axi|              gmem0|       pointer|
|m_axi_gmem0_ARPROT          |  out|    3|       m_axi|              gmem0|       pointer|
|m_axi_gmem0_ARQOS           |  out|    4|       m_axi|              gmem0|       pointer|
|m_axi_gmem0_ARREGION        |  out|    4|       m_axi|              gmem0|       pointer|
|m_axi_gmem0_ARUSER          |  out|    1|       m_axi|              gmem0|       pointer|
|m_axi_gmem0_RVALID          |   in|    1|       m_axi|              gmem0|       pointer|
|m_axi_gmem0_RREADY          |  out|    1|       m_axi|              gmem0|       pointer|
|m_axi_gmem0_RDATA           |   in|   32|       m_axi|              gmem0|       pointer|
|m_axi_gmem0_RLAST           |   in|    1|       m_axi|              gmem0|       pointer|
|m_axi_gmem0_RID             |   in|    1|       m_axi|              gmem0|       pointer|
|m_axi_gmem0_RFIFONUM        |   in|    9|       m_axi|              gmem0|       pointer|
|m_axi_gmem0_RUSER           |   in|    1|       m_axi|              gmem0|       pointer|
|m_axi_gmem0_RRESP           |   in|    2|       m_axi|              gmem0|       pointer|
|m_axi_gmem0_BVALID          |   in|    1|       m_axi|              gmem0|       pointer|
|m_axi_gmem0_BREADY          |  out|    1|       m_axi|              gmem0|       pointer|
|m_axi_gmem0_BRESP           |   in|    2|       m_axi|              gmem0|       pointer|
|m_axi_gmem0_BID             |   in|    1|       m_axi|              gmem0|       pointer|
|m_axi_gmem0_BUSER           |   in|    1|       m_axi|              gmem0|       pointer|
|a                           |   in|   64|     ap_none|                  a|        scalar|
|m_axi_gmem1_AWVALID         |  out|    1|       m_axi|              gmem1|       pointer|
|m_axi_gmem1_AWREADY         |   in|    1|       m_axi|              gmem1|       pointer|
|m_axi_gmem1_AWADDR          |  out|   64|       m_axi|              gmem1|       pointer|
|m_axi_gmem1_AWID            |  out|    1|       m_axi|              gmem1|       pointer|
|m_axi_gmem1_AWLEN           |  out|   32|       m_axi|              gmem1|       pointer|
|m_axi_gmem1_AWSIZE          |  out|    3|       m_axi|              gmem1|       pointer|
|m_axi_gmem1_AWBURST         |  out|    2|       m_axi|              gmem1|       pointer|
|m_axi_gmem1_AWLOCK          |  out|    2|       m_axi|              gmem1|       pointer|
|m_axi_gmem1_AWCACHE         |  out|    4|       m_axi|              gmem1|       pointer|
|m_axi_gmem1_AWPROT          |  out|    3|       m_axi|              gmem1|       pointer|
|m_axi_gmem1_AWQOS           |  out|    4|       m_axi|              gmem1|       pointer|
|m_axi_gmem1_AWREGION        |  out|    4|       m_axi|              gmem1|       pointer|
|m_axi_gmem1_AWUSER          |  out|    1|       m_axi|              gmem1|       pointer|
|m_axi_gmem1_WVALID          |  out|    1|       m_axi|              gmem1|       pointer|
|m_axi_gmem1_WREADY          |   in|    1|       m_axi|              gmem1|       pointer|
|m_axi_gmem1_WDATA           |  out|   32|       m_axi|              gmem1|       pointer|
|m_axi_gmem1_WSTRB           |  out|    4|       m_axi|              gmem1|       pointer|
|m_axi_gmem1_WLAST           |  out|    1|       m_axi|              gmem1|       pointer|
|m_axi_gmem1_WID             |  out|    1|       m_axi|              gmem1|       pointer|
|m_axi_gmem1_WUSER           |  out|    1|       m_axi|              gmem1|       pointer|
|m_axi_gmem1_ARVALID         |  out|    1|       m_axi|              gmem1|       pointer|
|m_axi_gmem1_ARREADY         |   in|    1|       m_axi|              gmem1|       pointer|
|m_axi_gmem1_ARADDR          |  out|   64|       m_axi|              gmem1|       pointer|
|m_axi_gmem1_ARID            |  out|    1|       m_axi|              gmem1|       pointer|
|m_axi_gmem1_ARLEN           |  out|   32|       m_axi|              gmem1|       pointer|
|m_axi_gmem1_ARSIZE          |  out|    3|       m_axi|              gmem1|       pointer|
|m_axi_gmem1_ARBURST         |  out|    2|       m_axi|              gmem1|       pointer|
|m_axi_gmem1_ARLOCK          |  out|    2|       m_axi|              gmem1|       pointer|
|m_axi_gmem1_ARCACHE         |  out|    4|       m_axi|              gmem1|       pointer|
|m_axi_gmem1_ARPROT          |  out|    3|       m_axi|              gmem1|       pointer|
|m_axi_gmem1_ARQOS           |  out|    4|       m_axi|              gmem1|       pointer|
|m_axi_gmem1_ARREGION        |  out|    4|       m_axi|              gmem1|       pointer|
|m_axi_gmem1_ARUSER          |  out|    1|       m_axi|              gmem1|       pointer|
|m_axi_gmem1_RVALID          |   in|    1|       m_axi|              gmem1|       pointer|
|m_axi_gmem1_RREADY          |  out|    1|       m_axi|              gmem1|       pointer|
|m_axi_gmem1_RDATA           |   in|   32|       m_axi|              gmem1|       pointer|
|m_axi_gmem1_RLAST           |   in|    1|       m_axi|              gmem1|       pointer|
|m_axi_gmem1_RID             |   in|    1|       m_axi|              gmem1|       pointer|
|m_axi_gmem1_RFIFONUM        |   in|    9|       m_axi|              gmem1|       pointer|
|m_axi_gmem1_RUSER           |   in|    1|       m_axi|              gmem1|       pointer|
|m_axi_gmem1_RRESP           |   in|    2|       m_axi|              gmem1|       pointer|
|m_axi_gmem1_BVALID          |   in|    1|       m_axi|              gmem1|       pointer|
|m_axi_gmem1_BREADY          |  out|    1|       m_axi|              gmem1|       pointer|
|m_axi_gmem1_BRESP           |   in|    2|       m_axi|              gmem1|       pointer|
|m_axi_gmem1_BID             |   in|    1|       m_axi|              gmem1|       pointer|
|m_axi_gmem1_BUSER           |   in|    1|       m_axi|              gmem1|       pointer|
|b                           |   in|   64|     ap_none|                  b|        scalar|
|m_axi_gmem2_AWVALID         |  out|    1|       m_axi|              gmem2|       pointer|
|m_axi_gmem2_AWREADY         |   in|    1|       m_axi|              gmem2|       pointer|
|m_axi_gmem2_AWADDR          |  out|   64|       m_axi|              gmem2|       pointer|
|m_axi_gmem2_AWID            |  out|    1|       m_axi|              gmem2|       pointer|
|m_axi_gmem2_AWLEN           |  out|   32|       m_axi|              gmem2|       pointer|
|m_axi_gmem2_AWSIZE          |  out|    3|       m_axi|              gmem2|       pointer|
|m_axi_gmem2_AWBURST         |  out|    2|       m_axi|              gmem2|       pointer|
|m_axi_gmem2_AWLOCK          |  out|    2|       m_axi|              gmem2|       pointer|
|m_axi_gmem2_AWCACHE         |  out|    4|       m_axi|              gmem2|       pointer|
|m_axi_gmem2_AWPROT          |  out|    3|       m_axi|              gmem2|       pointer|
|m_axi_gmem2_AWQOS           |  out|    4|       m_axi|              gmem2|       pointer|
|m_axi_gmem2_AWREGION        |  out|    4|       m_axi|              gmem2|       pointer|
|m_axi_gmem2_AWUSER          |  out|    1|       m_axi|              gmem2|       pointer|
|m_axi_gmem2_WVALID          |  out|    1|       m_axi|              gmem2|       pointer|
|m_axi_gmem2_WREADY          |   in|    1|       m_axi|              gmem2|       pointer|
|m_axi_gmem2_WDATA           |  out|   32|       m_axi|              gmem2|       pointer|
|m_axi_gmem2_WSTRB           |  out|    4|       m_axi|              gmem2|       pointer|
|m_axi_gmem2_WLAST           |  out|    1|       m_axi|              gmem2|       pointer|
|m_axi_gmem2_WID             |  out|    1|       m_axi|              gmem2|       pointer|
|m_axi_gmem2_WUSER           |  out|    1|       m_axi|              gmem2|       pointer|
|m_axi_gmem2_ARVALID         |  out|    1|       m_axi|              gmem2|       pointer|
|m_axi_gmem2_ARREADY         |   in|    1|       m_axi|              gmem2|       pointer|
|m_axi_gmem2_ARADDR          |  out|   64|       m_axi|              gmem2|       pointer|
|m_axi_gmem2_ARID            |  out|    1|       m_axi|              gmem2|       pointer|
|m_axi_gmem2_ARLEN           |  out|   32|       m_axi|              gmem2|       pointer|
|m_axi_gmem2_ARSIZE          |  out|    3|       m_axi|              gmem2|       pointer|
|m_axi_gmem2_ARBURST         |  out|    2|       m_axi|              gmem2|       pointer|
|m_axi_gmem2_ARLOCK          |  out|    2|       m_axi|              gmem2|       pointer|
|m_axi_gmem2_ARCACHE         |  out|    4|       m_axi|              gmem2|       pointer|
|m_axi_gmem2_ARPROT          |  out|    3|       m_axi|              gmem2|       pointer|
|m_axi_gmem2_ARQOS           |  out|    4|       m_axi|              gmem2|       pointer|
|m_axi_gmem2_ARREGION        |  out|    4|       m_axi|              gmem2|       pointer|
|m_axi_gmem2_ARUSER          |  out|    1|       m_axi|              gmem2|       pointer|
|m_axi_gmem2_RVALID          |   in|    1|       m_axi|              gmem2|       pointer|
|m_axi_gmem2_RREADY          |  out|    1|       m_axi|              gmem2|       pointer|
|m_axi_gmem2_RDATA           |   in|   32|       m_axi|              gmem2|       pointer|
|m_axi_gmem2_RLAST           |   in|    1|       m_axi|              gmem2|       pointer|
|m_axi_gmem2_RID             |   in|    1|       m_axi|              gmem2|       pointer|
|m_axi_gmem2_RFIFONUM        |   in|    9|       m_axi|              gmem2|       pointer|
|m_axi_gmem2_RUSER           |   in|    1|       m_axi|              gmem2|       pointer|
|m_axi_gmem2_RRESP           |   in|    2|       m_axi|              gmem2|       pointer|
|m_axi_gmem2_BVALID          |   in|    1|       m_axi|              gmem2|       pointer|
|m_axi_gmem2_BREADY          |  out|    1|       m_axi|              gmem2|       pointer|
|m_axi_gmem2_BRESP           |   in|    2|       m_axi|              gmem2|       pointer|
|m_axi_gmem2_BID             |   in|    1|       m_axi|              gmem2|       pointer|
|m_axi_gmem2_BUSER           |   in|    1|       m_axi|              gmem2|       pointer|
|c                           |   in|   64|     ap_none|                  c|        scalar|
|ALU_operation_MEM_address0  |  out|    6|   ap_memory|  ALU_operation_MEM|         array|
|ALU_operation_MEM_ce0       |  out|    1|   ap_memory|  ALU_operation_MEM|         array|
|ALU_operation_MEM_q0        |   in|   32|   ap_memory|  ALU_operation_MEM|         array|
|data_a_dout                 |   in|   32|     ap_fifo|             data_a|       pointer|
|data_a_empty_n              |   in|    1|     ap_fifo|             data_a|       pointer|
|data_a_read                 |  out|    1|     ap_fifo|             data_a|       pointer|
|data_a_din                  |  out|   32|     ap_fifo|             data_a|       pointer|
|data_a_full_n               |   in|    1|     ap_fifo|             data_a|       pointer|
|data_a_write                |  out|    1|     ap_fifo|             data_a|       pointer|
|data_b_dout                 |   in|   32|     ap_fifo|             data_b|       pointer|
|data_b_empty_n              |   in|    1|     ap_fifo|             data_b|       pointer|
|data_b_read                 |  out|    1|     ap_fifo|             data_b|       pointer|
|data_b_din                  |  out|   32|     ap_fifo|             data_b|       pointer|
|data_b_full_n               |   in|    1|     ap_fifo|             data_b|       pointer|
|data_b_write                |  out|    1|     ap_fifo|             data_b|       pointer|
|data_result_dout            |   in|   32|     ap_fifo|        data_result|       pointer|
|data_result_empty_n         |   in|    1|     ap_fifo|        data_result|       pointer|
|data_result_read            |  out|    1|     ap_fifo|        data_result|       pointer|
|data_result_din             |  out|   32|     ap_fifo|        data_result|       pointer|
|data_result_full_n          |   in|    1|     ap_fifo|        data_result|       pointer|
|data_result_write           |  out|    1|     ap_fifo|        data_result|       pointer|
+----------------------------+-----+-----+------------+-------------------+--------------+

